main.c:93:1:__io_putchar	16	static
main.c:101:6:getTempI2C	48	static
main.c:218:6:getLightValue	16	static
main.c:249:6:getInfraValue	8	static
main.c:291:5:main	16	static
main.c:391:6:SystemClock_Config	88	static
main.c:437:13:MX_ADC1_Init	24	static
main.c:487:13:MX_I2C1_Init	8	static
main.c:521:13:MX_TIM2_Init	32	static
main.c:566:13:MX_TIM3_Init	32	static
main.c:611:13:MX_TIM5_Init	32	static
main.c:656:13:MX_USART2_UART_Init	8	static
main.c:689:13:MX_GPIO_Init	48	static
main.c:726:6:HAL_TIM_PeriodElapsedCallback	16	static
main.c:749:6:Error_Handler	4	static
